// Jest Snapshot v1, https://goo.gl/fbAQLP

exports[`Test in GifApp should be equal to snapshot 1`] = `
<div>
  <h1>
    BoilerPlate
  </h1>
</div>
`;
